[valencitoh.com/index.html]
[backblue.gif]
[fade.gif]
[index.html]
[valencitoh.com/cdn-cgi/apps/head/DwUGJh4C_xFZipsfcMciutFRpTg.js]
[valencitoh.com/favicon.ico]
[valencitoh.com/index.html]
[ajax.cloudflare.com/cdn-cgi/scripts/7089c43e/cloudflare-static/rocket-loader.min.js]
[valencitoh.com/drugs/index.html]
[valencitoh.com/drugs/assets/css/main.css]
[valencitoh.com/drugs/assets/css/bootstrap.min.css]
[valencitoh.com/drugs/assets/css/vendor.css]
[valencitoh.com/drugs/assets/css/theme_black_red.css]
[valencitoh.com/drugs/assets/css/custom.css]
[valencitoh.com/drugs/assets/css/demo.css]
[cdnjs.cloudflare.com/ajax/libs/font-awesome/4.7.0/css/font-awesome.min.css]
[valencitoh.com/drugs/assets/css/animation.css]
[valencitoh.com/drugs/assets/js/vendor/modernizr-2.8.3.min.js]
[valencitoh.com/drugs/assets/js/vendor/html5shiv.min.js]
[valencitoh.com/drugs/build/Three.js]
[valencitoh.com/drugs/js/Detector.js]
[valencitoh.com/drugs/js/RequestAnimationFrame.js]
[valencitoh.com/drugs/assets/js/vendor/jquery-2.1.4.min.js]
[valencitoh.com/drugs/assets/js/vendor/bootstrap.min.js]
[valencitoh.com/drugs/assets/js/vendor/plugin.js]
[valencitoh.com/drugs/assets/js/variable.js]
[valencitoh.com/drugs/assets/js/main.js]
[valencitoh.com/drugs/assets/js/demo.js]
[valencitoh.com/drugs/galaxy.png]
[valencitoh.com/drugs/song.mp3]
[valencitoh.com/drugs/index.html]
[valencitoh.com/drugs/assets/css/font-awesome.min.css]
[valencitoh.com/drugs/assets/gif/bg.gif]
[valencitoh.com/drugs/assets/css/main.css]
[valencitoh.com/drugs/assets/fonts/glyphicons-halflings-regular.eot.html]
[valencitoh.com/drugs/assets/fonts/glyphicons-halflings-regulard41dd41d.eot@.html]
[valencitoh.com/drugs/assets/fonts/glyphicons-halflings-regular.html]
[valencitoh.com/drugs/assets/fonts/glyphicons-halflings-regular.woff.html]
[valencitoh.com/drugs/assets/fonts/glyphicons-halflings-regular-2.html]
[valencitoh.com/drugs/assets/css/bootstrap.min.css]
[valencitoh.com/drugs/assets/css/vendor.css]
[valencitoh.com/drugs/assets/fonts/glyphicons-halflings-regular.svg.html]
[valencitoh.com/s4mur41.pw/assets/img/bg/site-bg-img.html]
[valencitoh.com/drugs/assets/css/theme_black_red.css]
[valencitoh.com/drugs/assets/css/custom.css]
[valencitoh.com/drugs/assets/css/demo.css]
[cdnjs.cloudflare.com/ajax/libs/font-awesome/4.7.0/css/font-awesome.min.css]
[valencitoh.com/drugs/assets/css/animation.css]
[valencitoh.com/www.bplaced.net/gfx/bpt.21.delayed]
[valencitoh.com/www.bplaced.net/gfx/efeat.png]
[valencitoh.com/www.bplaced.net/gfx/epr.png]
[valencitoh.com/www.bplaced.net/gfx/grad.png]
[valencitoh.com/drugs/assets/css/font-awesome.min.css]
[valencitoh.com/drugs/assets/gif/bg.html]
[www.google-analytics.com/analytics.js]
[a.optnmstr.com/app/js/api.min.js]
[valencitoh.com/drugs/assets/fonts/glyphicons-halflings-regular.eot.html]
[valencitoh.com/drugs/assets/fonts/glyphicons-halflings-regulard41dd41d.eot@.html]
[valencitoh.com/drugs/assets/fonts/glyphicons-halflings-regular.html]
[valencitoh.com/drugs/assets/fonts/glyphicons-halflings-regular.woff.html]
[valencitoh.com/drugs/assets/fonts/glyphicons-halflings-regular-2.html]
[valencitoh.com/drugs/assets/fonts/glyphicons-halflings-regular.svg.html]
[valencitoh.com/s4mur41.pw/assets/img/bg/site-bg-img.html]
[valencitoh.com/www.bplaced.net/gfx/bpt.html]
[valencitoh.com/www.bplaced.net/gfx/efeat.html]
[valencitoh.com/www.bplaced.net/gfx/epr.html]
[valencitoh.com/www.bplaced.net/gfx/grad.html]
[raw.githubusercontent.com/000webhost/logo/d1cf5cdf/000webhost-logo-forum-33x33.png]
[raw.githubusercontent.com/000webhost/logo/e9bd13f7/footer-powered-by-000webhost-white2.png]
[static.cloudflareinsights.com/beacon.min.js]
